[SkuIds]
  0|DEFAULT              # The entry: 0|DEFAULT is reserved and always required.
  

[DefaultStores]
  0|STANDARD             # UEFI Standard default  0|STANDARD is reserved.
  1|MANUFACTURING        # UEFI Manufacturing default 1|MANUFACTURING is reserved.

[PcdsDynamicHii]
gStructPcdTokenSpaceGuid.PcdSetupData|SYSTEM_CONFIGURATION|L"Setup"|ec87d643-eba4-4bb5-a1e5-3f3e36b20da9
gStructPcdTokenSpaceGuid.PcdTcg2Config|TCG2_CONFIGURATION|L"TCG2_CONFIGURATION"|6339d487-26ba-424b-9a5d-687e25d740bc
gStructPcdTokenSpaceGuid.PcdTcg2Version|TCG2_VERSION|L"TCG2_VERSION"|6339d487-26ba-424b-9a5d-687e25d740bc
gStructPcdTokenSpaceGuid.PcdPchSetup|PCH_SETUP|L"PchSetup"|4570b7f1-ade8-4943-8dc3-406472842384
gStructPcdTokenSpaceGuid.PcdMeRcConfiguration|ME_RC_CONFIGURATION|L"MeRcConfiguration"|2b26358d-f899-41c4-9bc2-82a338b993d8
gStructPcdTokenSpaceGuid.PcdIeRcConfiguration|IE_RC_CONFIGURATION|L"IeRcConfiguration"|d8b85944-13b2-41f9-85c6-a0b133783e40
gStructPcdTokenSpaceGuid.PcdSvOtherConfiguration|SV_OTHER_CONFIGURATION|L"SvOtherConfiguration"|422ed87f-8ea3-4aac-80d8-508de15208ef
gStructPcdTokenSpaceGuid.PcdSocketCommonRcConfig|SOCKET_COMMONRC_CONFIGURATION|L"SocketCommonRcConfig"|4402ca38-808f-4279-bcec-5baf8d59092f
gStructPcdTokenSpaceGuid.PcdSocketMemoryConfig|SOCKET_MEMORY_CONFIGURATION|L"SocketMemoryConfig"|98cf19ed-4109-4681-b79d-9196757c7824
gStructPcdTokenSpaceGuid.PcdSocketMpLinkConfig|SOCKET_MP_LINK_CONFIGURATION|L"SocketMpLinkConfig"|2b9b22de-2ad4-4abc-957d-5f18c504a05c
gStructPcdTokenSpaceGuid.PcdSocketProcessorCoreConfig|SOCKET_PROCESSORCORE_CONFIGURATION|L"SocketProcessorCoreConfig"|07013588-c789-4e12-a7c3-88fafae79f7c
gStructPcdTokenSpaceGuid.PcdSocketPowerManagementConfig|SOCKET_POWERMANAGEMENT_CONFIGURATION|L"SocketPowerManagementConfig"|a1047342-bdba-4dae-a67a-40979b65c7f8
gStructPcdTokenSpaceGuid.PcdFpgaSocketConfig|FPGA_SOCKET_CONFIGURATION|L"FpgaSocketConfig"|75839b0b-0a99-4233-8aa4-3866f6cef4b3
gStructPcdTokenSpaceGuid.PcdEmulationDfxConfig|EMULATION_DFX_CONFIGURATION|L"EmulationDfxConfig"|41266ead-701c-461f-a6b1-42cd387d1a6e
